python : INFO:travelhub.settings:\u2705 Sentry configurado para 
entorno: development
En línea: 1 Carácter: 1
+ python scripts/test_copa_complete.py > test_output.txt 2>&1; 
Get-Cont ...
+ ~~~~~~~~~~~~~~~~~~~~~~~~~~~~~~~~~~~~~~~~~~~~~~~~~~~~~~~~~~~
    + CategoryInfo          : NotSpecified: (INFO:travelhub....no: 
    development:String) [], RemoteException
    + FullyQualifiedErrorId : NativeCommandError
 
[WARNING] Usando almacenamiento local (FileSystemStorage)
[OK] Usando PostgreSQL como broker de Celery (econ¾mico).
================================================================================
COMPLETE END-TO-END COPA PARSER TEST
================================================================================
Traceback (most recent call last):
  File "C:\Users\ARMANDO\travelhub_project\scripts\test_copa_comple
te.py", line 24, in <module>
    print("\n\U0001f4cb STEP 1: Checking Detection Markers")
    ~~~~~^^^^^^^^^^^^^^^^^^^^^^^^^^^^^^^^^^^^^^^^^^^
  File "C:\Users\ARMANDO\AppData\Local\Programs\Python\Python313\Li
b\encodings\cp1252.py", line 19, in encode
    return 
codecs.charmap_encode(input,self.errors,encoding_table)[0]
           ~~~~~~~~~~~~~~~~~~~~~^^^^^^^^^^^^^^^^^^^^^^^^^^^^^^^^^^
UnicodeEncodeError: 'charmap' codec can't encode character 
'\U0001f4cb' in position 2: character maps to <undefined>
Sentry is attempting to send 2 pending events
Waiting up to 2 seconds
Press Ctrl-Break to quit
